.next/dev/types/validator.ts(2295,31): error TS2344: Type 'typeof import("D:/dev/erp-welcomplay-main/src/app/api/bug-statuses/[id]/route")' does not satisfy the constraint 'RouteHandlerConfig<"/api/bug-statuses/[id]">'.
  Types of property 'PUT' are incompatible.
    Type '(request: Request, { params }: { params: { id: string; }; }) => Promise<NextResponse<{ error: string; }> | NextResponse<{ success: boolean; message: string; }>>' is not assignable to type '(request: NextRequest, context: { params: Promise<{ id: string; }>; }) => void | Response | Promise<void | Response>'.
      Types of parameters '__1' and 'context' are incompatible.
        Type '{ params: Promise<{ id: string; }>; }' is not assignable to type '{ params: { id: string; }; }'.
          Types of property 'params' are incompatible.
            Property 'id' is missing in type 'Promise<{ id: string; }>' but required in type '{ id: string; }'.
.next/dev/types/validator.ts(3546,31): error TS2344: Type 'typeof import("D:/dev/erp-welcomplay-main/src/app/api/job-stages/[id]/route")' does not satisfy the constraint 'RouteHandlerConfig<"/api/job-stages/[id]">'.
  Types of property 'PUT' are incompatible.
    Type '(request: Request, { params }: { params: { id: string; }; }) => Promise<NextResponse<{ error: string; }> | NextResponse<{ success: boolean; message: string; }>>' is not assignable to type '(request: NextRequest, context: { params: Promise<{ id: string; }>; }) => void | Response | Promise<void | Response>'.
      Types of parameters '__1' and 'context' are incompatible.
        Type '{ params: Promise<{ id: string; }>; }' is not assignable to type '{ params: { id: string; }; }'.
          Types of property 'params' are incompatible.
            Property 'id' is missing in type 'Promise<{ id: string; }>' but required in type '{ id: string; }'.
.next/dev/types/validator.ts(4014,31): error TS2344: Type 'typeof import("D:/dev/erp-welcomplay-main/src/app/api/project-task-stages/[id]/route")' does not satisfy the constraint 'RouteHandlerConfig<"/api/project-task-stages/[id]">'.
  Types of property 'PUT' are incompatible.
    Type '(request: Request, { params }: { params: { id: string; }; }) => Promise<NextResponse<{ error: string; }> | NextResponse<{ success: boolean; message: string; }>>' is not assignable to type '(request: NextRequest, context: { params: Promise<{ id: string; }>; }) => void | Response | Promise<void | Response>'.
      Types of parameters '__1' and 'context' are incompatible.
        Type '{ params: Promise<{ id: string; }>; }' is not assignable to type '{ params: { id: string; }; }'.
          Types of property 'params' are incompatible.
            Property 'id' is missing in type 'Promise<{ id: string; }>' but required in type '{ id: string; }'.
.next/types/validator.ts(2295,31): error TS2344: Type 'typeof import("D:/dev/erp-welcomplay-main/src/app/api/bug-statuses/[id]/route")' does not satisfy the constraint 'RouteHandlerConfig<"/api/bug-statuses/[id]">'.
  Types of property 'PUT' are incompatible.
    Type '(request: Request, { params }: { params: { id: string; }; }) => Promise<NextResponse<{ error: string; }> | NextResponse<{ success: boolean; message: string; }>>' is not assignable to type '(request: NextRequest, context: { params: Promise<{ id: string; }>; }) => void | Response | Promise<void | Response>'.
      Types of parameters '__1' and 'context' are incompatible.
        Type '{ params: Promise<{ id: string; }>; }' is not assignable to type '{ params: { id: string; }; }'.
          Types of property 'params' are incompatible.
            Property 'id' is missing in type 'Promise<{ id: string; }>' but required in type '{ id: string; }'.
.next/types/validator.ts(3546,31): error TS2344: Type 'typeof import("D:/dev/erp-welcomplay-main/src/app/api/job-stages/[id]/route")' does not satisfy the constraint 'RouteHandlerConfig<"/api/job-stages/[id]">'.
  Types of property 'PUT' are incompatible.
    Type '(request: Request, { params }: { params: { id: string; }; }) => Promise<NextResponse<{ error: string; }> | NextResponse<{ success: boolean; message: string; }>>' is not assignable to type '(request: NextRequest, context: { params: Promise<{ id: string; }>; }) => void | Response | Promise<void | Response>'.
      Types of parameters '__1' and 'context' are incompatible.
        Type '{ params: Promise<{ id: string; }>; }' is not assignable to type '{ params: { id: string; }; }'.
          Types of property 'params' are incompatible.
            Property 'id' is missing in type 'Promise<{ id: string; }>' but required in type '{ id: string; }'.
.next/types/validator.ts(4014,31): error TS2344: Type 'typeof import("D:/dev/erp-welcomplay-main/src/app/api/project-task-stages/[id]/route")' does not satisfy the constraint 'RouteHandlerConfig<"/api/project-task-stages/[id]">'.
  Types of property 'PUT' are incompatible.
    Type '(request: Request, { params }: { params: { id: string; }; }) => Promise<NextResponse<{ error: string; }> | NextResponse<{ success: boolean; message: string; }>>' is not assignable to type '(request: NextRequest, context: { params: Promise<{ id: string; }>; }) => void | Response | Promise<void | Response>'.
      Types of parameters '__1' and 'context' are incompatible.
        Type '{ params: Promise<{ id: string; }>; }' is not assignable to type '{ params: { id: string; }; }'.
          Types of property 'params' are incompatible.
            Property 'id' is missing in type 'Promise<{ id: string; }>' but required in type '{ id: string; }'.
prisma/seeds/attendance.ts(20,46): error TS2709: Cannot use namespace 'PrismaClient' as a type.
prisma/seeds/zoom-meetings.ts(3,48): error TS2709: Cannot use namespace 'PrismaClient' as a type.
src/app/access-profiles/page.tsx(426,17): error TS2345: Argument of type '{ name: string; permissions: string[]; }' is not assignable to parameter of type 'SetStateAction<{ name: string; permissions: string[]; branchId: string; }>'.
  Property 'branchId' is missing in type '{ name: string; permissions: string[]; }' but required in type '{ name: string; permissions: string[]; branchId: string; }'.
src/app/accounting/bank-transfer/page.tsx(92,6): error TS2304: Cannot find name 'Badge'.
src/app/accounting/bank-transfer/page.tsx(94,7): error TS2304: Cannot find name 'Badge'.
src/app/accounting/bank-transfer/page.tsx(100,6): error TS2304: Cannot find name 'Badge'.
src/app/accounting/bank-transfer/page.tsx(102,7): error TS2304: Cannot find name 'Badge'.
src/app/accounting/bank-transfer/page.tsx(136,16): error TS2304: Cannot find name 'Dialog'.
src/app/accounting/bank-transfer/page.tsx(137,18): error TS2304: Cannot find name 'DialogTrigger'.
src/app/accounting/bank-transfer/page.tsx(138,20): error TS2304: Cannot find name 'Button'.
src/app/accounting/bank-transfer/page.tsx(139,22): error TS2304: Cannot find name 'IconPlus'.
src/app/accounting/bank-transfer/page.tsx(141,21): error TS2304: Cannot find name 'Button'.
src/app/accounting/bank-transfer/page.tsx(142,19): error TS2304: Cannot find name 'DialogTrigger'.
src/app/accounting/bank-transfer/page.tsx(143,18): error TS2304: Cannot find name 'DialogContent'.
src/app/accounting/bank-transfer/page.tsx(144,20): error TS2304: Cannot find name 'DialogHeader'.
src/app/accounting/bank-transfer/page.tsx(145,22): error TS2304: Cannot find name 'DialogTitle'.
src/app/accounting/bank-transfer/page.tsx(145,56): error TS2304: Cannot find name 'DialogTitle'.
src/app/accounting/bank-transfer/page.tsx(146,22): error TS2304: Cannot find name 'DialogDescription'.
src/app/accounting/bank-transfer/page.tsx(148,23): error TS2304: Cannot find name 'DialogDescription'.
src/app/accounting/bank-transfer/page.tsx(149,21): error TS2304: Cannot find name 'DialogHeader'.
src/app/accounting/bank-transfer/page.tsx(152,24): error TS2304: Cannot find name 'Label'.
src/app/accounting/bank-transfer/page.tsx(152,66): error TS2304: Cannot find name 'Label'.
src/app/accounting/bank-transfer/page.tsx(153,24): error TS2304: Cannot find name 'Select'.
src/app/accounting/bank-transfer/page.tsx(154,26): error TS2304: Cannot find name 'SelectTrigger'.
src/app/accounting/bank-transfer/page.tsx(155,28): error TS2304: Cannot find name 'SelectValue'.
src/app/accounting/bank-transfer/page.tsx(156,27): error TS2304: Cannot find name 'SelectTrigger'.
src/app/accounting/bank-transfer/page.tsx(157,26): error TS2304: Cannot find name 'SelectContent'.
src/app/accounting/bank-transfer/page.tsx(159,30): error TS2304: Cannot find name 'SelectItem'.
src/app/accounting/bank-transfer/page.tsx(161,31): error TS2304: Cannot find name 'SelectItem'.
src/app/accounting/bank-transfer/page.tsx(163,27): error TS2304: Cannot find name 'SelectContent'.
src/app/accounting/bank-transfer/page.tsx(164,25): error TS2304: Cannot find name 'Select'.
src/app/accounting/bank-transfer/page.tsx(167,24): error TS2304: Cannot find name 'Label'.
src/app/accounting/bank-transfer/page.tsx(167,62): error TS2304: Cannot find name 'Label'.
src/app/accounting/bank-transfer/page.tsx(168,24): error TS2304: Cannot find name 'Select'.
src/app/accounting/bank-transfer/page.tsx(169,26): error TS2304: Cannot find name 'SelectTrigger'.
src/app/accounting/bank-transfer/page.tsx(170,28): error TS2304: Cannot find name 'SelectValue'.
src/app/accounting/bank-transfer/page.tsx(171,27): error TS2304: Cannot find name 'SelectTrigger'.
src/app/accounting/bank-transfer/page.tsx(172,26): error TS2304: Cannot find name 'SelectContent'.
src/app/accounting/bank-transfer/page.tsx(174,30): error TS2304: Cannot find name 'SelectItem'.
src/app/accounting/bank-transfer/page.tsx(176,31): error TS2304: Cannot find name 'SelectItem'.
src/app/accounting/bank-transfer/page.tsx(178,28): error TS2304: Cannot find name 'SelectItem'.
src/app/accounting/bank-transfer/page.tsx(178,79): error TS2304: Cannot find name 'SelectItem'.
src/app/accounting/bank-transfer/page.tsx(179,27): error TS2304: Cannot find name 'SelectContent'.
src/app/accounting/bank-transfer/page.tsx(180,25): error TS2304: Cannot find name 'Select'.
src/app/accounting/bank-transfer/page.tsx(183,24): error TS2304: Cannot find name 'Label'.
src/app/accounting/bank-transfer/page.tsx(183,64): error TS2304: Cannot find name 'Label'.
src/app/accounting/bank-transfer/page.tsx(184,24): error TS2304: Cannot find name 'Input'.
src/app/accounting/bank-transfer/page.tsx(187,24): error TS2304: Cannot find name 'Label'.
src/app/accounting/bank-transfer/page.tsx(187,61): error TS2304: Cannot find name 'Label'.
src/app/accounting/bank-transfer/page.tsx(188,24): error TS2304: Cannot find name 'Input'.
src/app/accounting/bank-transfer/page.tsx(191,24): error TS2304: Cannot find name 'Label'.
src/app/accounting/bank-transfer/page.tsx(191,68): error TS2304: Cannot find name 'Label'.
src/app/accounting/bank-transfer/page.tsx(192,24): error TS2304: Cannot find name 'Input'.
src/app/accounting/bank-transfer/page.tsx(195,24): error TS2304: Cannot find name 'Label'.
src/app/accounting/bank-transfer/page.tsx(195,65): error TS2304: Cannot find name 'Label'.
src/app/accounting/bank-transfer/page.tsx(196,24): error TS2304: Cannot find name 'Textarea'.
src/app/accounting/bank-transfer/page.tsx(199,20): error TS2304: Cannot find name 'DialogFooter'.
src/app/accounting/bank-transfer/page.tsx(200,22): error TS2304: Cannot find name 'Button'.
src/app/accounting/bank-transfer/page.tsx(200,55): error TS2304: Cannot find name 'Button'.
src/app/accounting/bank-transfer/page.tsx(201,22): error TS2304: Cannot find name 'Button'.
src/app/accounting/bank-transfer/page.tsx(201,46): error TS2304: Cannot find name 'Button'.
src/app/accounting/bank-transfer/page.tsx(202,21): error TS2304: Cannot find name 'DialogFooter'.
src/app/accounting/bank-transfer/page.tsx(203,19): error TS2304: Cannot find name 'DialogContent'.
src/app/accounting/bank-transfer/page.tsx(204,17): error TS2304: Cannot find name 'Dialog'.
src/app/accounting/bank-transfer/page.tsx(249,18): error TS2304: Cannot find name 'IconSearch'.
src/app/accounting/bank-transfer/page.tsx(250,18): error TS2304: Cannot find name 'Input'.
src/app/accounting/bank-transfer/page.tsx(252,16): error TS2552: Cannot find name 'Select'. Did you mean 'onselect'?
src/app/accounting/bank-transfer/page.tsx(253,18): error TS2304: Cannot find name 'SelectTrigger'.
src/app/accounting/bank-transfer/page.tsx(254,20): error TS2304: Cannot find name 'SelectValue'.
src/app/accounting/bank-transfer/page.tsx(255,19): error TS2304: Cannot find name 'SelectTrigger'.
src/app/accounting/bank-transfer/page.tsx(256,18): error TS2304: Cannot find name 'SelectContent'.
src/app/accounting/bank-transfer/page.tsx(257,20): error TS2304: Cannot find name 'SelectItem'.
src/app/accounting/bank-transfer/page.tsx(257,62): error TS2304: Cannot find name 'SelectItem'.
src/app/accounting/bank-transfer/page.tsx(258,20): error TS2304: Cannot find name 'SelectItem'.
src/app/accounting/bank-transfer/page.tsx(258,60): error TS2304: Cannot find name 'SelectItem'.
src/app/accounting/bank-transfer/page.tsx(259,20): error TS2304: Cannot find name 'SelectItem'.
src/app/accounting/bank-transfer/page.tsx(259,56): error TS2304: Cannot find name 'SelectItem'.
src/app/accounting/bank-transfer/page.tsx(260,20): error TS2304: Cannot find name 'SelectItem'.
src/app/accounting/bank-transfer/page.tsx(260,54): error TS2304: Cannot find name 'SelectItem'.
src/app/accounting/bank-transfer/page.tsx(261,19): error TS2304: Cannot find name 'SelectContent'.
src/app/accounting/bank-transfer/page.tsx(262,17): error TS2552: Cannot find name 'Select'. Did you mean 'onselect'?
src/app/accounting/bank-transfer/page.tsx(263,16): error TS2552: Cannot find name 'Select'. Did you mean 'onselect'?
src/app/accounting/bank-transfer/page.tsx(264,18): error TS2304: Cannot find name 'SelectTrigger'.
src/app/accounting/bank-transfer/page.tsx(265,20): error TS2304: Cannot find name 'SelectValue'.
src/app/accounting/bank-transfer/page.tsx(266,19): error TS2304: Cannot find name 'SelectTrigger'.
src/app/accounting/bank-transfer/page.tsx(267,18): error TS2304: Cannot find name 'SelectContent'.
src/app/accounting/bank-transfer/page.tsx(268,20): error TS2304: Cannot find name 'SelectItem'.
src/app/accounting/bank-transfer/page.tsx(268,59): error TS2304: Cannot find name 'SelectItem'.
src/app/accounting/bank-transfer/page.tsx(269,20): error TS2304: Cannot find name 'SelectItem'.
src/app/accounting/bank-transfer/page.tsx(269,58): error TS2304: Cannot find name 'SelectItem'.
src/app/accounting/bank-transfer/page.tsx(270,20): error TS2304: Cannot find name 'SelectItem'.
src/app/accounting/bank-transfer/page.tsx(270,58): error TS2304: Cannot find name 'SelectItem'.
src/app/accounting/bank-transfer/page.tsx(271,19): error TS2304: Cannot find name 'SelectContent'.
src/app/accounting/bank-transfer/page.tsx(272,17): error TS2304: Cannot find name 'Select'.
src/app/accounting/bank-transfer/page.tsx(273,16): error TS2304: Cannot find name 'Button'.
src/app/accounting/bank-transfer/page.tsx(274,18): error TS2304: Cannot find name 'IconFilter'.
src/app/accounting/bank-transfer/page.tsx(276,17): error TS2304: Cannot find name 'Button'.
src/app/accounting/bank-transfer/page.tsx(283,18): error TS2304: Cannot find name 'CardDescription'.
src/app/accounting/bank-transfer/page.tsx(285,19): error TS2304: Cannot find name 'CardDescription'.
src/app/accounting/bank-transfer/page.tsx(288,18): error TS2304: Cannot find name 'Table'.
src/app/accounting/bank-transfer/page.tsx(289,20): error TS2304: Cannot find name 'TableHeader'.
src/app/accounting/bank-transfer/page.tsx(290,22): error TS2304: Cannot find name 'TableRow'.
src/app/accounting/bank-transfer/page.tsx(291,24): error TS2304: Cannot find name 'TableHead'.
src/app/accounting/bank-transfer/page.tsx(291,47): error TS2304: Cannot find name 'TableHead'.
src/app/accounting/bank-transfer/page.tsx(292,24): error TS2304: Cannot find name 'TableHead'.
src/app/accounting/bank-transfer/page.tsx(292,45): error TS2304: Cannot find name 'TableHead'.
src/app/accounting/bank-transfer/page.tsx(293,24): error TS2304: Cannot find name 'TableHead'.
src/app/accounting/bank-transfer/page.tsx(293,42): error TS2304: Cannot find name 'TableHead'.
src/app/accounting/bank-transfer/page.tsx(294,24): error TS2304: Cannot find name 'TableHead'.
src/app/accounting/bank-transfer/page.tsx(294,40): error TS2304: Cannot find name 'TableHead'.
src/app/accounting/bank-transfer/page.tsx(295,24): error TS2304: Cannot find name 'TableHead'.
src/app/accounting/bank-transfer/page.tsx(295,42): error TS2304: Cannot find name 'TableHead'.
src/app/accounting/bank-transfer/page.tsx(296,24): error TS2304: Cannot find name 'TableHead'.
src/app/accounting/bank-transfer/page.tsx(296,40): error TS2304: Cannot find name 'TableHead'.
src/app/accounting/bank-transfer/page.tsx(297,24): error TS2304: Cannot find name 'TableHead'.
src/app/accounting/bank-transfer/page.tsx(297,43): error TS2304: Cannot find name 'TableHead'.
src/app/accounting/bank-transfer/page.tsx(298,23): error TS2304: Cannot find name 'TableRow'.
src/app/accounting/bank-transfer/page.tsx(299,21): error TS2304: Cannot find name 'TableHeader'.
src/app/accounting/bank-transfer/page.tsx(300,20): error TS2304: Cannot find name 'TableBody'.
src/app/accounting/bank-transfer/page.tsx(302,24): error TS2304: Cannot find name 'TableRow'.
src/app/accounting/bank-transfer/page.tsx(303,26): error TS2304: Cannot find name 'TableCell'.
src/app/accounting/bank-transfer/page.tsx(308,27): error TS2304: Cannot find name 'TableCell'.
src/app/accounting/bank-transfer/page.tsx(309,26): error TS2304: Cannot find name 'TableCell'.
src/app/accounting/bank-transfer/page.tsx(314,34): error TS2304: Cannot find name 'IconArrowRight'.
src/app/accounting/bank-transfer/page.tsx(319,27): error TS2304: Cannot find name 'TableCell'.
src/app/accounting/bank-transfer/page.tsx(320,26): error TS2304: Cannot find name 'TableCell'.
src/app/accounting/bank-transfer/page.tsx(329,27): error TS2304: Cannot find name 'TableCell'.
src/app/accounting/bank-transfer/page.tsx(330,26): error TS2304: Cannot find name 'TableCell'.
src/app/accounting/bank-transfer/page.tsx(332,30): error TS2304: Cannot find name 'IconCalendar'.
src/app/accounting/bank-transfer/page.tsx(335,27): error TS2304: Cannot find name 'TableCell'.
src/app/accounting/bank-transfer/page.tsx(336,26): error TS2304: Cannot find name 'TableCell'.
src/app/accounting/bank-transfer/page.tsx(338,27): error TS2304: Cannot find name 'TableCell'.
src/app/accounting/bank-transfer/page.tsx(339,26): error TS2304: Cannot find name 'TableCell'.
src/app/accounting/bank-transfer/page.tsx(341,27): error TS2304: Cannot find name 'TableCell'.
src/app/accounting/bank-transfer/page.tsx(342,26): error TS2304: Cannot find name 'TableCell'.
src/app/accounting/bank-transfer/page.tsx(343,28): error TS2304: Cannot find name 'Button'.
src/app/accounting/bank-transfer/page.tsx(344,30): error TS2304: Cannot find name 'IconEye'.
src/app/accounting/bank-transfer/page.tsx(345,29): error TS2304: Cannot find name 'Button'.
src/app/accounting/bank-transfer/page.tsx(346,27): error TS2304: Cannot find name 'TableCell'.
src/app/accounting/bank-transfer/page.tsx(347,25): error TS2304: Cannot find name 'TableRow'.
src/app/accounting/bank-transfer/page.tsx(349,21): error TS2304: Cannot find name 'TableBody'.
src/app/accounting/bank-transfer/page.tsx(350,19): error TS2304: Cannot find name 'Table'.
src/app/api/account-dashboard/route.ts(123,47): error TS7006: Parameter 'a' implicitly has an 'any' type.
src/app/api/account-dashboard/route.ts(161,62): error TS7006: Parameter 'inv' implicitly has an 'any' type.
src/app/api/account-dashboard/route.ts(161,67): error TS7006: Parameter 'i' implicitly has an 'any' type.
src/app/api/account-dashboard/route.ts(168,61): error TS7006: Parameter 'b' implicitly has an 'any' type.
src/app/api/account-dashboard/route.ts(168,64): error TS7006: Parameter 'i' implicitly has an 'any' type.
src/app/api/account-dashboard/route.ts(176,37): error TS7006: Parameter 'inv' implicitly has an 'any' type.
src/app/api/account-dashboard/route.ts(182,44): error TS7006: Parameter 'c' implicitly has an 'any' type.
src/app/api/account-dashboard/route.ts(186,31): error TS2345: Argument of type '{}' is not assignable to parameter of type 'string'.
src/app/api/account-dashboard/route.ts(186,62): error TS2345: Argument of type '{}' is not assignable to parameter of type 'string'.
src/app/api/account-dashboard/route.ts(239,64): error TS7006: Parameter 'inv' implicitly has an 'any' type.
src/app/api/account-dashboard/route.ts(239,69): error TS7006: Parameter 'i' implicitly has an 'any' type.
src/app/api/account-dashboard/route.ts(256,58): error TS7006: Parameter 'b' implicitly has an 'any' type.
src/app/api/account-dashboard/route.ts(256,61): error TS7006: Parameter 'i' implicitly has an 'any' type.
src/app/api/account-dashboard/route.ts(325,33): error TS7006: Parameter 'g' implicitly has an 'any' type.
src/app/api/account-dashboard/route.ts(325,36): error TS7006: Parameter 'i' implicitly has an 'any' type.
src/app/api/account-dashboard/route.ts(329,20): error TS7006: Parameter 'inv' implicitly has an 'any' type.
src/app/api/account-dashboard/route.ts(330,20): error TS7006: Parameter 's' implicitly has an 'any' type.
src/app/api/account-dashboard/route.ts(330,23): error TS7006: Parameter 'inv' implicitly has an 'any' type.
src/app/api/account-dashboard/route.ts(333,20): error TS7006: Parameter 'b' implicitly has an 'any' type.
src/app/api/account-dashboard/route.ts(334,20): error TS7006: Parameter 's' implicitly has an 'any' type.
src/app/api/account-dashboard/route.ts(334,23): error TS7006: Parameter 'b' implicitly has an 'any' type.
src/app/api/bills/[id]/route.ts(77,57): error TS7006: Parameter 'tx' implicitly has an 'any' type.
src/app/api/clients/route.ts(97,48): error TS7006: Parameter 'c' implicitly has an 'any' type.
src/app/api/clients/route.ts(98,57): error TS7006: Parameter 'c' implicitly has an 'any' type.
src/app/api/clients/route.ts(133,33): error TS7006: Parameter 'c' implicitly has an 'any' type.
src/app/api/clients/route.ts(138,64): error TS7006: Parameter 'a' implicitly has an 'any' type.
src/app/api/clients/route.ts(140,31): error TS7006: Parameter 'u' implicitly has an 'any' type.
src/app/api/contract-types/route.ts(27,37): error TS7006: Parameter 'ct' implicitly has an 'any' type.
src/app/api/contracts/route.ts(50,69): error TS7006: Parameter 'p' implicitly has an 'any' type.
src/app/api/crm-dashboard/route.ts(29,20): error TS7006: Parameter 'l' implicitly has an 'any' type.
src/app/api/crm-dashboard/route.ts(41,20): error TS7006: Parameter 'd' implicitly has an 'any' type.
src/app/api/crm/reports/route.ts(71,30): error TS7006: Parameter 'l' implicitly has an 'any' type.
src/app/api/crm/reports/route.ts(83,35): error TS7006: Parameter 'l' implicitly has an 'any' type.
src/app/api/crm/reports/route.ts(100,29): error TS7006: Parameter 'l' implicitly has an 'any' type.
src/app/api/crm/reports/route.ts(114,33): error TS7006: Parameter 'l' implicitly has an 'any' type.
src/app/api/crm/reports/route.ts(158,29): error TS7006: Parameter 'l' implicitly has an 'any' type.
src/app/api/crm/reports/route.ts(183,28): error TS7006: Parameter 'd' implicitly has an 'any' type.
src/app/api/crm/reports/route.ts(194,37): error TS7006: Parameter 'd' implicitly has an 'any' type.
src/app/api/crm/reports/route.ts(210,27): error TS7006: Parameter 'd' implicitly has an 'any' type.
src/app/api/crm/reports/route.ts(220,31): error TS7006: Parameter 'd' implicitly has an 'any' type.
src/app/api/crm/reports/route.ts(264,27): error TS7006: Parameter 'd' implicitly has an 'any' type.
src/app/api/deal-stages/route.ts(43,47): error TS7006: Parameter 's' implicitly has an 'any' type.
src/app/api/estimates/route.ts(46,56): error TS7006: Parameter 'e' implicitly has an 'any' type.
src/app/api/estimates/route.ts(51,65): error TS7006: Parameter 'c' implicitly has an 'any' type.
src/app/api/estimates/route.ts(52,33): error TS2709: Cannot use namespace 'EstimateModel' as a type.
src/app/api/estimates/route.ts(52,61): error TS2709: Cannot use namespace 'Customer' as a type.
src/app/api/estimates/route.ts(52,78): error TS2709: Cannot use namespace 'EstimateItemModel' as a type.
src/app/api/estimates/route.ts(62,31): error TS2709: Cannot use namespace 'EstimateItemModel' as a type.
src/app/api/form-builder/[id]/route.ts(50,32): error TS7006: Parameter 'field' implicitly has an 'any' type.
src/app/api/form-builder/route.ts(28,29): error TS7006: Parameter 'f' implicitly has an 'any' type.
src/app/api/hrm/admin/awards/route.ts(33,30): error TS7006: Parameter 'a' implicitly has an 'any' type.
src/app/api/hrm/admin/departments/route.ts(14,24): error TS7006: Parameter 'e' implicitly has an 'any' type.
src/app/api/hrm/assets/route.ts(97,45): error TS7006: Parameter 'row' implicitly has an 'any' type.
src/app/api/hrm/documents/[id]/route.ts(57,7): error TS2322: Type 'string | null' is not assignable to type 'string | undefined'.
  Type 'null' is not assignable to type 'string | undefined'.
src/app/api/hrm/documents/route.ts(88,7): error TS2322: Type 'string | null' is not assignable to type 'string | undefined'.
  Type 'null' is not assignable to type 'string | undefined'.
src/app/api/hrm/payroll/payslip/route.ts(85,41): error TS7006: Parameter 'emp' implicitly has an 'any' type.
src/app/api/hrm/payroll/set-salary/[id]/route.ts(151,38): error TS7006: Parameter 'tx' implicitly has an 'any' type.
src/app/api/hrm/policies/[id]/route.ts(58,7): error TS2322: Type 'string | null' is not assignable to type 'string | undefined'.
  Type 'null' is not assignable to type 'string | undefined'.
src/app/api/hrm/policies/route.ts(87,7): error TS2322: Type 'string | null' is not assignable to type 'string | undefined'.
  Type 'null' is not assignable to type 'string | undefined'.
src/app/api/hrm/recruitment/interviews/route.ts(46,34): error TS7006: Parameter 'int' implicitly has an 'any' type.
src/app/api/hrm/recruitment/onboarding/route.ts(101,28): error TS7006: Parameter 'ob' implicitly has an 'any' type.
src/app/api/hrm/reports/attendance/route.ts(84,33): error TS7006: Parameter 'emp' implicitly has an 'any' type.
src/app/api/hrm/reports/filters/route.ts(53,33): error TS7006: Parameter 'b' implicitly has an 'any' type.
src/app/api/hrm/reports/filters/route.ts(54,39): error TS7006: Parameter 'd' implicitly has an 'any' type.
src/app/api/hrm/reports/filters/route.ts(55,35): error TS7006: Parameter 'e' implicitly has an 'any' type.
src/app/api/hrm/reports/payroll/route.ts(55,32): error TS7006: Parameter 'p' implicitly has an 'any' type.
src/app/api/hrm/reports/payroll/route.ts(70,38): error TS7006: Parameter 's' implicitly has an 'any' type.
src/app/api/hrm/reports/payroll/route.ts(70,41): error TS7006: Parameter 'i' implicitly has an 'any' type.
src/app/api/hrm/reports/payroll/route.ts(71,37): error TS7006: Parameter 's' implicitly has an 'any' type.
src/app/api/hrm/reports/payroll/route.ts(71,40): error TS7006: Parameter 'i' implicitly has an 'any' type.
src/app/api/hrm/reports/payroll/route.ts(72,37): error TS7006: Parameter 's' implicitly has an 'any' type.
src/app/api/hrm/reports/payroll/route.ts(72,40): error TS7006: Parameter 'i' implicitly has an 'any' type.
src/app/api/hrm/reports/payroll/route.ts(73,36): error TS7006: Parameter 's' implicitly has an 'any' type.
src/app/api/hrm/reports/payroll/route.ts(73,39): error TS7006: Parameter 'i' implicitly has an 'any' type.
src/app/api/invoices/route.ts(32,33): error TS2709: Cannot use namespace 'InvoiceModel' as a type.
src/app/api/invoices/route.ts(32,60): error TS2709: Cannot use namespace 'Customer' as a type.
src/app/api/invoices/route.ts(32,77): error TS2709: Cannot use namespace 'InvoiceItemModel' as a type.
src/app/api/invoices/route.ts(41,31): error TS2709: Cannot use namespace 'InvoiceItemModel' as a type.
src/app/api/journal-entries/[id]/route.ts(123,54): error TS7006: Parameter 'tx' implicitly has an 'any' type.
src/app/api/lead-stages/route.ts(43,47): error TS7006: Parameter 's' implicitly has an 'any' type.
src/app/api/ledger/route.ts(71,32): error TS7006: Parameter 'line' implicitly has an 'any' type.
src/app/api/messenger/conversations/route.ts(42,36): error TS7006: Parameter 'p' implicitly has an 'any' type.
src/app/api/messenger/conversations/route.ts(112,14): error TS7006: Parameter 'rows' implicitly has an 'any' type.
src/app/api/messenger/conversations/route.ts(112,33): error TS7006: Parameter 'r' implicitly has an 'any' type.
src/app/api/messenger/users/route.ts(47,29): error TS7006: Parameter 'u' implicitly has an 'any' type.
src/app/api/pipelines/[id]/route.ts(79,37): error TS7006: Parameter 'sum' implicitly has an 'any' type.
src/app/api/pipelines/[id]/route.ts(79,42): error TS7006: Parameter 'd' implicitly has an 'any' type.
src/app/api/pipelines/route.ts(42,53): error TS7006: Parameter 'p' implicitly has an 'any' type.
src/app/api/pipelines/route.ts(46,30): error TS7006: Parameter 'sum' implicitly has an 'any' type.
src/app/api/pipelines/route.ts(46,35): error TS7006: Parameter 'd' implicitly has an 'any' type.
src/app/api/pos-dashboard/route.ts(102,29): error TS7006: Parameter 'o' implicitly has an 'any' type.
src/app/api/pos-dashboard/route.ts(106,25): error TS7006: Parameter 'b' implicitly has an 'any' type.
src/app/api/pos/reports/route.ts(70,41): error TS7006: Parameter 's' implicitly has an 'any' type.
src/app/api/pos/reports/route.ts(70,44): error TS7006: Parameter 'b' implicitly has an 'any' type.
src/app/api/pos/reports/route.ts(72,22): error TS7006: Parameter 'b' implicitly has an 'any' type.
src/app/api/pos/reports/route.ts(92,30): error TS7006: Parameter 'b' implicitly has an 'any' type.
src/app/api/project-dashboard/route.ts(95,42): error TS7006: Parameter 't' implicitly has an 'any' type.
src/app/api/project-dashboard/route.ts(98,37): error TS7006: Parameter 's' implicitly has an 'any' type.
src/app/api/project-dashboard/route.ts(98,40): error TS7006: Parameter 'p' implicitly has an 'any' type.
src/app/api/project-dashboard/route.ts(102,23): error TS7006: Parameter 'p' implicitly has an 'any' type.
src/app/api/project-dashboard/route.ts(123,20): error TS7006: Parameter 't' implicitly has an 'any' type.
src/app/api/project-dashboard/route.ts(136,25): error TS7006: Parameter 't' implicitly has an 'any' type.
src/app/api/project-dashboard/route.ts(148,16): error TS7006: Parameter 'p' implicitly has an 'any' type.
src/app/api/project-dashboard/route.ts(149,14): error TS7006: Parameter 'a' implicitly has an 'any' type.
src/app/api/project-dashboard/route.ts(149,17): error TS7006: Parameter 'b' implicitly has an 'any' type.
src/app/api/project-dashboard/route.ts(151,13): error TS7006: Parameter 'p' implicitly has an 'any' type.
src/app/api/project-dashboard/route.ts(159,60): error TS7006: Parameter 't' implicitly has an 'any' type.
src/app/api/projects/calendar/route.ts(35,45): error TS7006: Parameter 't' implicitly has an 'any' type.
src/app/api/reports/account-statement/route.ts(145,38): error TS7006: Parameter 'line' implicitly has an 'any' type.
src/app/api/reports/account-statement/route.ts(218,23): error TS7006: Parameter 'account' implicitly has an 'any' type.
src/app/api/reports/account-statement/route.ts(219,55): error TS7006: Parameter 'sum' implicitly has an 'any' type.
src/app/api/reports/account-statement/route.ts(219,60): error TS7006: Parameter 'l' implicitly has an 'any' type.
src/app/api/reports/account-statement/route.ts(220,56): error TS7006: Parameter 'sum' implicitly has an 'any' type.
src/app/api/reports/account-statement/route.ts(220,61): error TS7006: Parameter 'l' implicitly has an 'any' type.
src/app/api/reports/balance-sheet/route.ts(83,25): error TS7006: Parameter 'acc' implicitly has an 'any' type.
src/app/api/reports/balance-sheet/route.ts(84,51): error TS7006: Parameter 'sum' implicitly has an 'any' type.
src/app/api/reports/balance-sheet/route.ts(84,56): error TS7006: Parameter 'line' implicitly has an 'any' type.
src/app/api/reports/balance-sheet/route.ts(85,52): error TS7006: Parameter 'sum' implicitly has an 'any' type.
src/app/api/reports/balance-sheet/route.ts(85,57): error TS7006: Parameter 'line' implicitly has an 'any' type.
src/app/api/reports/balance-sheet/route.ts(103,48): error TS7006: Parameter 'account' implicitly has an 'any' type.
src/app/api/reports/balance-sheet/route.ts(110,55): error TS7006: Parameter 'sum' implicitly has an 'any' type.
src/app/api/reports/balance-sheet/route.ts(110,60): error TS7006: Parameter 'line' implicitly has an 'any' type.
src/app/api/reports/balance-sheet/route.ts(111,56): error TS7006: Parameter 'sum' implicitly has an 'any' type.
src/app/api/reports/balance-sheet/route.ts(111,61): error TS7006: Parameter 'line' implicitly has an 'any' type.
src/app/api/reports/bill-summary/route.ts(75,32): error TS7006: Parameter 'bill' implicitly has an 'any' type.
src/app/api/reports/bill-summary/route.ts(94,43): error TS7006: Parameter 'acc' implicitly has an 'any' type.
src/app/api/reports/bill-summary/route.ts(94,48): error TS7006: Parameter 'bill' implicitly has an 'any' type.
src/app/api/reports/cash-flow/route.ts(50,48): error TS7006: Parameter 'c' implicitly has an 'any' type.
src/app/api/reports/cash-flow/route.ts(74,39): error TS7006: Parameter 'sum' implicitly has an 'any' type.
src/app/api/reports/cash-flow/route.ts(74,44): error TS7006: Parameter 'it' implicitly has an 'any' type.
src/app/api/reports/cash-flow/route.ts(75,34): error TS2345: Argument of type '{}' is not assignable to parameter of type 'string'.
src/app/api/reports/cash-flow/route.ts(76,31): error TS2345: Argument of type '{}' is not assignable to parameter of type 'string'.
src/app/api/reports/cash-flow/route.ts(78,29): error TS2345: Argument of type '{}' is not assignable to parameter of type 'string'.
src/app/api/reports/cash-flow/route.ts(86,39): error TS7006: Parameter 'sum' implicitly has an 'any' type.
src/app/api/reports/cash-flow/route.ts(86,44): error TS7006: Parameter 'it' implicitly has an 'any' type.
src/app/api/reports/expense-summary/route.ts(71,41): error TS7006: Parameter 'e' implicitly has an 'any' type.
src/app/api/reports/expense-summary/route.ts(79,35): error TS7006: Parameter 'b' implicitly has an 'any' type.
src/app/api/reports/expense-summary/route.ts(89,31): error TS7006: Parameter 'r' implicitly has an 'any' type.
src/app/api/reports/expense-summary/route.ts(93,28): error TS7006: Parameter 'r' implicitly has an 'any' type.
src/app/api/reports/expense-summary/route.ts(100,28): error TS7006: Parameter 'r' implicitly has an 'any' type.
src/app/api/reports/expense-summary/route.ts(101,25): error TS7006: Parameter 'r' implicitly has an 'any' type.
src/app/api/reports/income-summary/route.ts(84,41): error TS7006: Parameter 'inv' implicitly has an 'any' type.
src/app/api/reports/income-summary/route.ts(87,32): error TS7006: Parameter 'sum' implicitly has an 'any' type.
src/app/api/reports/income-summary/route.ts(87,37): error TS7006: Parameter 'it' implicitly has an 'any' type.
src/app/api/reports/income-summary/route.ts(94,31): error TS7006: Parameter 'r' implicitly has an 'any' type.
src/app/api/reports/income-summary/route.ts(103,47): error TS7006: Parameter 'c' implicitly has an 'any' type.
src/app/api/reports/income-vs-expense/route.ts(95,50): error TS7006: Parameter 'sum' implicitly has an 'any' type.
src/app/api/reports/income-vs-expense/route.ts(95,55): error TS7006: Parameter 'it' implicitly has an 'any' type.
src/app/api/reports/income-vs-expense/route.ts(116,48): error TS7006: Parameter 'sum' implicitly has an 'any' type.
src/app/api/reports/income-vs-expense/route.ts(116,53): error TS7006: Parameter 'it' implicitly has an 'any' type.
src/app/api/reports/invoice-summary/route.ts(5,29): error TS2709: Cannot use namespace 'InvoiceModel' as a type.
src/app/api/reports/invoice-summary/route.ts(6,13): error TS2709: Cannot use namespace 'Customer' as a type.
src/app/api/reports/invoice-summary/route.ts(7,10): error TS2709: Cannot use namespace 'InvoiceItem' as a type.
src/app/api/reports/invoice-summary/route.ts(69,25): error TS2709: Cannot use namespace 'Category' as a type.
src/app/api/reports/invoice-summary/route.ts(80,10): error TS7006: Parameter 'sum' implicitly has an 'any' type.
src/app/api/reports/invoice-summary/route.ts(80,15): error TS7006: Parameter 'item' implicitly has an 'any' type.
src/app/api/reports/payables/route.ts(97,15): error TS7006: Parameter 'bill' implicitly has an 'any' type.
src/app/api/reports/payables/route.ts(103,12): error TS7006: Parameter 'bill' implicitly has an 'any' type.
src/app/api/reports/payables/route.ts(191,15): error TS7006: Parameter 'bill' implicitly has an 'any' type.
src/app/api/reports/payables/route.ts(192,15): error TS7006: Parameter 'bill' implicitly has an 'any' type.
src/app/api/reports/payables/route.ts(198,12): error TS7006: Parameter 'bill' implicitly has an 'any' type.
src/app/api/reports/product-stock/route.ts(63,40): error TS7006: Parameter 'product' implicitly has an 'any' type.
src/app/api/reports/product-stock/route.ts(82,30): error TS7006: Parameter 'p' implicitly has an 'any' type.
src/app/api/reports/product-stock/route.ts(88,38): error TS7006: Parameter 'p' implicitly has an 'any' type.
src/app/api/reports/product-stock/route.ts(89,39): error TS7006: Parameter 'p' implicitly has an 'any' type.
src/app/api/reports/product-stock/route.ts(90,41): error TS7006: Parameter 'p' implicitly has an 'any' type.
src/app/api/reports/product-stock/route.ts(91,45): error TS7006: Parameter 'sum' implicitly has an 'any' type.
src/app/api/reports/product-stock/route.ts(91,50): error TS7006: Parameter 'p' implicitly has an 'any' type.
src/app/api/reports/profit-loss/route.ts(62,23): error TS7006: Parameter 'account' implicitly has an 'any' type.
src/app/api/reports/profit-loss/route.ts(64,55): error TS7006: Parameter 'sum' implicitly has an 'any' type.
src/app/api/reports/profit-loss/route.ts(64,60): error TS7006: Parameter 'line' implicitly has an 'any' type.
src/app/api/reports/profit-loss/route.ts(65,56): error TS7006: Parameter 'sum' implicitly has an 'any' type.
src/app/api/reports/profit-loss/route.ts(65,61): error TS7006: Parameter 'line' implicitly has an 'any' type.
src/app/api/reports/receivables/route.ts(70,46): error TS7006: Parameter 'sum' implicitly has an 'any' type.
src/app/api/reports/receivables/route.ts(70,51): error TS7006: Parameter 'it' implicitly has an 'any' type.
src/app/api/reports/receivables/route.ts(95,15): error TS7006: Parameter 'inv' implicitly has an 'any' type.
src/app/api/reports/receivables/route.ts(102,12): error TS7006: Parameter 'inv' implicitly has an 'any' type.
src/app/api/reports/receivables/route.ts(103,48): error TS7006: Parameter 'sum' implicitly has an 'any' type.
src/app/api/reports/receivables/route.ts(103,53): error TS7006: Parameter 'it' implicitly has an 'any' type.
src/app/api/reports/receivables/route.ts(186,15): error TS7006: Parameter 'inv' implicitly has an 'any' type.
src/app/api/reports/receivables/route.ts(187,15): error TS7006: Parameter 'inv' implicitly has an 'any' type.
src/app/api/reports/receivables/route.ts(193,12): error TS7006: Parameter 'inv' implicitly has an 'any' type.
src/app/api/reports/sales/route.ts(102,46): error TS7006: Parameter 'sum' implicitly has an 'any' type.
src/app/api/reports/sales/route.ts(102,51): error TS7006: Parameter 'it' implicitly has an 'any' type.
src/app/api/reports/tax-summary/route.ts(143,26): error TS7006: Parameter 't' implicitly has an 'any' type.
src/app/api/reports/transaction/route.ts(98,43): error TS7006: Parameter 'sum' implicitly has an 'any' type.
src/app/api/reports/transaction/route.ts(98,48): error TS7006: Parameter 'l' implicitly has an 'any' type.
src/app/api/reports/transaction/route.ts(99,43): error TS7006: Parameter 'l' implicitly has an 'any' type.
src/app/api/reports/transaction/route.ts(100,44): error TS7006: Parameter 'l' implicitly has an 'any' type.
src/app/api/reports/transaction/route.ts(115,34): error TS7006: Parameter 'sum' implicitly has an 'any' type.
src/app/api/reports/transaction/route.ts(115,39): error TS7006: Parameter 'l' implicitly has an 'any' type.
src/app/api/reports/transaction/route.ts(149,45): error TS7006: Parameter 'acc' implicitly has an 'any' type.
src/app/api/reports/transaction/route.ts(159,27): error TS7006: Parameter 'acc' implicitly has an 'any' type.
src/app/api/reports/transaction/route.ts(175,25): error TS7006: Parameter 'c' implicitly has an 'any' type.
src/app/api/reports/trial-balance/route.ts(62,23): error TS7006: Parameter 'account' implicitly has an 'any' type.
src/app/api/reports/trial-balance/route.ts(64,55): error TS7006: Parameter 'sum' implicitly has an 'any' type.
src/app/api/reports/trial-balance/route.ts(64,60): error TS7006: Parameter 'line' implicitly has an 'any' type.
src/app/api/reports/trial-balance/route.ts(65,56): error TS7006: Parameter 'sum' implicitly has an 'any' type.
src/app/api/reports/trial-balance/route.ts(65,61): error TS7006: Parameter 'line' implicitly has an 'any' type.
src/app/api/settings/subscription-history/route.ts(79,30): error TS7006: Parameter 'o' implicitly has an 'any' type.
src/app/api/support/route.ts(38,31): error TS7006: Parameter 't' implicitly has an 'any' type.
src/app/api/userlogs/route.ts(50,26): error TS7006: Parameter 'log' implicitly has an 'any' type.
src/app/api/users/route.ts(123,29): error TS7006: Parameter 'u' implicitly has an 'any' type.
src/app/dashboard/page.tsx(571,29): error TS2769: No overload matches this call.
  Overload 1 of 2, '(props: Props, context?: any): string | number | bigint | boolean | ReactElement<unknown, string | JSXElementConstructor<any>> | Iterable<...> | Promise<...> | Component<...> | null | undefined', gave the following error.
    Object literal may only specify known properties, and 'width' does not exist in type '{ size?: number | undefined; strokeWidth?: number | undefined; fillColors?: string[] | undefined; shape?: ApexMarkerShape | undefined; offsetX?: number | undefined; offsetY?: number | undefined; customHTML?(): any; onClick?(): void; }'.
  Overload 2 of 2, '(props: Props): string | number | bigint | boolean | ReactElement<unknown, string | JSXElementConstructor<any>> | Iterable<ReactNode> | Promise<...> | Component<...> | null | undefined', gave the following error.
    Object literal may only specify known properties, and 'width' does not exist in type '{ size?: number | undefined; strokeWidth?: number | undefined; fillColors?: string[] | undefined; shape?: ApexMarkerShape | undefined; offsetX?: number | undefined; offsetY?: number | undefined; customHTML?(): any; onClick?(): void; }'.
src/app/form_builder/[id]/form-detail-client.tsx(238,20): error TS2304: Cannot find name 'CardDescription'.
src/app/form_builder/[id]/form-detail-client.tsx(240,21): error TS2304: Cannot find name 'CardDescription'.
src/app/hrm/events/page.tsx(290,7): error TS2322: Type 'string' is not assignable to type '"blue"'.
src/app/hrm/events/page.tsx(816,50): error TS2322: Type '"blue" | "purple" | "green" | "orange" | "red" | "yellow"' is not assignable to type '"blue"'.
  Type '"purple"' is not assignable to type '"blue"'.
src/app/hrm/recruitment/applications/[id]/page.tsx(278,30): error TS2339: Property 'dob' does not exist on type 'AppData'.
src/app/hrm/recruitment/applications/[id]/page.tsx(278,130): error TS2339: Property 'dob' does not exist on type 'AppData'.
src/app/hrm/recruitment/applications/[id]/page.tsx(279,30): error TS2339: Property 'gender' does not exist on type 'AppData'.
src/app/hrm/recruitment/applications/[id]/page.tsx(279,136): error TS2339: Property 'gender' does not exist on type 'AppData'.
src/app/hrm/recruitment/applications/[id]/page.tsx(280,30): error TS2339: Property 'country' does not exist on type 'AppData'.
src/app/hrm/recruitment/applications/[id]/page.tsx(280,138): error TS2339: Property 'country' does not exist on type 'AppData'.
src/app/hrm/recruitment/applications/[id]/page.tsx(281,30): error TS2551: Property 'state' does not exist on type 'AppData'. Did you mean 'stage'?
src/app/hrm/recruitment/applications/[id]/page.tsx(281,134): error TS2551: Property 'state' does not exist on type 'AppData'. Did you mean 'stage'?
src/app/hrm/recruitment/applications/[id]/page.tsx(282,30): error TS2339: Property 'city' does not exist on type 'AppData'.
src/app/hrm/recruitment/applications/[id]/page.tsx(282,132): error TS2339: Property 'city' does not exist on type 'AppData'.
src/app/hrm/recruitment/applications/[id]/page.tsx(320,26): error TS2339: Property 'customQuestion' does not exist on type 'AppData'.
src/app/hrm/recruitment/applications/[id]/page.tsx(320,60): error TS2339: Property 'customQuestion' does not exist on type 'AppData'.
src/app/hrm/recruitment/applications/[id]/page.tsx(322,45): error TS2339: Property 'customQuestion' does not exist on type 'AppData'.
src/app/hrm/recruitment/applications/[id]/page.tsx(326,76): error TS2322: Type '{}' is not assignable to type 'ReactNode'.
src/app/hrm/recruitment/applications/[id]/page.tsx(332,26): error TS2339: Property 'skill' does not exist on type 'AppData'.
src/app/hrm/recruitment/applications/[id]/page.tsx(335,80): error TS2339: Property 'skill' does not exist on type 'AppData'.
src/app/hrm/recruitment/candidates/[id]/page.tsx(128,77): error TS2339: Property 'experience' does not exist on type '{ name: string; email: string; phone: string; position: string; skills: string[]; status: string; rating?: number | undefined; appliedAt?: string | undefined; resume?: string | undefined; }'.
src/app/hrm/setup/layout.tsx(66,40): error TS2367: This comparison appears to be unintentional because the types '"/hrm/setup/leave-type" | "/hrm/setup/branch" | "/hrm/setup/training-type" | "/hrm/setup/department" | "/hrm/setup/designation" | "/hrm/setup/document-type" | "/hrm/setup/payslip-type" | ... 9 more ... | "/hrm/setup/competencies"' and '"#"' have no overlap.
src/app/hrm/setup/layout.tsx(67,38): error TS2367: This comparison appears to be unintentional because the types '"/hrm/setup/leave-type" | "/hrm/setup/branch" | "/hrm/setup/training-type" | "/hrm/setup/department" | "/hrm/setup/designation" | "/hrm/setup/document-type" | "/hrm/setup/payslip-type" | ... 9 more ... | "/hrm/setup/competencies"' and '"#"' have no overlap.
src/app/landingpage/page.tsx(276,5): error TS2322: Type 'true' is not assignable to type '"off" | "on"'.
src/app/landingpage/page.tsx(277,5): error TS2322: Type 'true' is not assignable to type '"off" | "on"'.
src/app/landingpage/page.tsx(278,5): error TS2322: Type 'false' is not assignable to type '"off" | "on"'.
src/app/landingpage/page.tsx(287,5): error TS2322: Type 'true' is not assignable to type '"off" | "on"'.
src/app/landingpage/page.tsx(288,5): error TS2322: Type 'true' is not assignable to type '"off" | "on"'.
src/app/landingpage/page.tsx(289,5): error TS2322: Type 'false' is not assignable to type '"off" | "on"'.
src/app/landingpage/page.tsx(298,5): error TS2322: Type 'true' is not assignable to type '"off" | "on"'.
src/app/landingpage/page.tsx(299,5): error TS2322: Type 'true' is not assignable to type '"off" | "on"'.
src/app/landingpage/page.tsx(300,5): error TS2322: Type 'false' is not assignable to type '"off" | "on"'.
src/app/landingpage/page.tsx(309,5): error TS2322: Type 'true' is not assignable to type '"off" | "on"'.
src/app/landingpage/page.tsx(310,5): error TS2322: Type 'true' is not assignable to type '"off" | "on"'.
src/app/landingpage/page.tsx(311,5): error TS2322: Type 'false' is not assignable to type '"off" | "on"'.
src/components/hrm-leave/manageleave/ManageLeaveContent.tsx(447,25): error TS2345: Argument of type '{ employeeId: string; leaveType: string; startDate: string; endDate: string; reason: string; }' is not assignable to parameter of type 'SetStateAction<{ employeeId: string; leaveType: string; startDate: string; endDate: string; reason: string; remark: string; }>'.
  Property 'remark' is missing in type '{ employeeId: string; leaveType: string; startDate: string; endDate: string; reason: string; }' but required in type '{ employeeId: string; leaveType: string; startDate: string; endDate: string; reason: string; remark: string; }'.
src/components/main-content-wrapper.tsx(47,11): error TS2322: Type '{ type: string; ease: number[]; duration: number; }' is not assignable to type 'Transition<any> | undefined'.
  Type '{ type: string; ease: number[]; duration: number; }' is not assignable to type 'TransitionWithValueOverrides<any>'.
    Type '{ type: string; ease: number[]; duration: number; }' is not assignable to type 'ValueAnimationTransition<any>'.
      Types of property 'type' are incompatible.
        Type 'string' is not assignable to type 'AnimationGeneratorType | undefined'.
src/components/nav-documents.tsx(21,3): error TS2724: '"@/components/ui/sidebar"' has no exported member named 'SidebarMenu'. Did you mean 'SidebarMenuSub'?
src/components/nav-main.tsx(16,3): error TS2724: '"@/components/ui/sidebar"' has no exported member named 'SidebarMenu'. Did you mean 'SidebarMenuSub'?
src/components/page-transition.tsx(43,9): error TS2322: Type '{ type: string; ease: number[]; duration: number; }' is not assignable to type 'Transition<any> | undefined'.
  Type '{ type: string; ease: number[]; duration: number; }' is not assignable to type 'TransitionWithValueOverrides<any>'.
    Type '{ type: string; ease: number[]; duration: number; }' is not assignable to type 'ValueAnimationTransition<any>'.
      Types of property 'type' are incompatible.
        Type 'string' is not assignable to type 'AnimationGeneratorType | undefined'.
src/components/reports/bill-summary/BillSummaryTab.tsx(164,31): error TS2322: Type 'import("D:/dev/erp-welcomplay-main/src/components/reports/bill-summary/hooks/useBillSummaryData").Bill[]' is not assignable to type 'import("D:/dev/erp-welcomplay-main/src/components/reports/bill-summary/constants").Bill[]'.
  Property 'paymentDate' is missing in type 'import("D:/dev/erp-welcomplay-main/src/components/reports/bill-summary/hooks/useBillSummaryData").Bill' but required in type 'import("D:/dev/erp-welcomplay-main/src/components/reports/bill-summary/constants").Bill'.
src/components/reports/product-stock/ProductStockTab.tsx(121,34): error TS2322: Type 'import("D:/dev/erp-welcomplay-main/src/components/reports/product-stock/hooks/useProductStockData").ProductStock[]' is not assignable to type 'import("D:/dev/erp-welcomplay-main/src/components/reports/product-stock/constants").ProductStock[]'.
  Type 'ProductStock' is missing the following properties from type 'ProductStock': minStock, maxStock, lastUpdated
src/components/sidebar-search.tsx(58,9): error TS2322: Type 'MenuItem[]' is not assignable to type '({ title: string; url: string; icon: ForwardRefExoticComponent<IconProps & RefAttributes<Icon>>; isActive: boolean; } | { ...; })[] | ({ ...; } | ... 1 more ... | { ...; })[]'.
  Type 'MenuItem[]' is not assignable to type '({ title: string; url: string; icon: ForwardRefExoticComponent<IconProps & RefAttributes<Icon>>; isActive: boolean; } | { ...; })[]'.
    Type 'MenuItem' is not assignable to type '{ title: string; url: string; icon: ForwardRefExoticComponent<IconProps & RefAttributes<Icon>>; isActive: boolean; } | { ...; }'.
      Type 'MenuItem' is not assignable to type '{ title: string; url: string; icon: ForwardRefExoticComponent<IconProps & RefAttributes<Icon>>; isActive?: undefined; }'.
        Property 'icon' is optional in type 'MenuItem' but required in type '{ title: string; url: string; icon: ForwardRefExoticComponent<IconProps & RefAttributes<Icon>>; isActive?: undefined; }'.
src/components/sidebar-search.tsx(62,9): error TS2322: Type 'MenuItem[]' is not assignable to type '({ title: string; url: string; icon: ForwardRefExoticComponent<IconProps & RefAttributes<Icon>>; isActive: boolean; } | { ...; })[] | ({ ...; } | ... 1 more ... | { ...; })[]'.
  Type 'MenuItem[]' is not assignable to type '({ title: string; url: string; icon: ForwardRefExoticComponent<IconProps & RefAttributes<Icon>>; isActive: boolean; } | { ...; })[]'.
    Type 'MenuItem' is not assignable to type '{ title: string; url: string; icon: ForwardRefExoticComponent<IconProps & RefAttributes<Icon>>; isActive: boolean; } | { ...; }'.
      Type 'MenuItem' is not assignable to type '{ title: string; url: string; icon: ForwardRefExoticComponent<IconProps & RefAttributes<Icon>>; isActive?: undefined; }'.
        Property 'icon' is optional in type 'MenuItem' but required in type '{ title: string; url: string; icon: ForwardRefExoticComponent<IconProps & RefAttributes<Icon>>; isActive?: undefined; }'.
src/components/suppress-preload-warnings.tsx(75,37): error TS2556: A spread argument must either have a tuple type or be passed to a rest parameter.
src/components/ui/multi-select-tag-input.tsx(175,17): error TS2322: Type '"xs"' is not assignable to type '"default" | "sm" | "lg" | "icon" | "icon-sm" | "icon-lg" | null | undefined'.
src/lib/prisma.ts(5,57): error TS2709: Cannot use namespace 'PrismaClient' as a type.
ui/chart.tsx(119,7): error TS2339: Property 'payload' does not exist on type 'Omit<Omit<Props<ValueType, NameType>, PropertiesReadFromContext> & { active?: boolean | undefined; includeHidden?: boolean | undefined; ... 17 more ...; axisId?: AxisId | undefined; } & ClassAttributes<...> & HTMLAttributes<...> & { ...; }, "ref">'.
ui/chart.tsx(124,7): error TS2339: Property 'label' does not exist on type 'Omit<Omit<Props<ValueType, NameType>, PropertiesReadFromContext> & { active?: boolean | undefined; includeHidden?: boolean | undefined; ... 17 more ...; axisId?: AxisId | undefined; } & ClassAttributes<...> & HTMLAttributes<...> & { ...; }, "ref">'.
ui/chart.tsx(189,22): error TS7006: Parameter 'item' implicitly has an 'any' type.
ui/chart.tsx(190,19): error TS7006: Parameter 'item' implicitly has an 'any' type.
ui/chart.tsx(190,25): error TS7006: Parameter 'index' implicitly has an 'any' type.
ui/chart.tsx(266,41): error TS2344: Type '"payload" | "verticalAlign"' does not satisfy the constraint '"string" | "path" | "seed" | "filter" | "fill" | "values" | "in" | "origin" | "method" | "mode" | "onError" | "role" | "name" | "type" | "id" | "k" | "y" | "from" | "order" | "color" | ... 426 more ... | "onBBoxUpdate"'.
  Type '"payload"' is not assignable to type '"string" | "path" | "seed" | "filter" | "fill" | "values" | "in" | "origin" | "method" | "mode" | "onError" | "role" | "name" | "type" | "id" | "k" | "y" | "from" | "order" | "color" | ... 426 more ... | "onBBoxUpdate"'.
ui/chart.tsx(277,19): error TS2339: Property 'length' does not exist on type '{}'.
ui/chart.tsx(291,12): error TS2339: Property 'filter' does not exist on type '{}'.
ui/chart.tsx(291,20): error TS7006: Parameter 'item' implicitly has an 'any' type.
ui/chart.tsx(292,17): error TS7006: Parameter 'item' implicitly has an 'any' type.
